
> credda-ulpgl@0.1.0 build
> prisma generate && next build

Loaded Prisma config from prisma.config.ts.

Prisma schema loaded from prisma/schema.prisma.

✔ Generated Prisma Client (v7.4.1) to ./node_modules/@prisma/client in 224ms

Start by importing your Prisma Client (See: https://pris.ly/d/importing-client)


▲ Next.js 16.1.6 (Turbopack)
- Environments: .env
- Experiments (use with caution):
  · optimizePackageImports

  Creating an optimized production build ...
✓ Compiled successfully in 14.9s
  Running TypeScript ...
  Collecting page data using 7 workers ...
❌ Cloudinary credentials missing
  Generating static pages using 7 workers (0/11) ...
  Generating static pages using 7 workers (2/11) 
❌ Cloudinary credentials missing
  Generating static pages using 7 workers (5/11) 
  Generating static pages using 7 workers (8/11) 
✓ Generating static pages using 7 workers (11/11) in 310.1ms
  Finalizing page optimization ...

Route (app)
┌ ○ /_not-found
├ ƒ /[locale]
├ ƒ /[locale]/about
├ ƒ /[locale]/admin
├ ƒ /[locale]/admin/articles
├ ƒ /[locale]/admin/articles/edit/[id]
├ ƒ /[locale]/admin/articles/new
├ ƒ /[locale]/admin/clinical
├ ƒ /[locale]/admin/clinical/[id]
├ ƒ /[locale]/admin/gallery
├ ƒ /[locale]/admin/gallery/[id]/edit
├ ƒ /[locale]/admin/gallery/new
├ ƒ /[locale]/admin/logout
├ ƒ /[locale]/admin/members
├ ƒ /[locale]/admin/members/[id]/edit
├ ƒ /[locale]/admin/members/new
├ ƒ /[locale]/admin/messages
├ ƒ /[locale]/admin/publications
├ ƒ /[locale]/admin/publications/[id]/edit
├ ƒ /[locale]/admin/publications/new
├ ƒ /[locale]/admin/resources
├ ƒ /[locale]/admin/sessions
├ ƒ /[locale]/admin/users
├ ƒ /[locale]/admin/users/new
├ ƒ /[locale]/clinical
├ ƒ /[locale]/clinical/[slug]
├ ƒ /[locale]/clinical/environmental
├ ƒ /[locale]/clinical/environmental/dashboard
├ ƒ /[locale]/clinical/environmental/reports
├ ƒ /[locale]/clinical/environmental/resources
├ ƒ /[locale]/clinical/environmental/sessions
├ ƒ /[locale]/clinical/track
├ ƒ /[locale]/contact
├ ƒ /[locale]/gallery
├ ƒ /[locale]/login
├ ƒ /[locale]/publications
├ ƒ /[locale]/publications/[slug]
├ ƒ /[locale]/research
├ ƒ /[locale]/research/[slug]
├ ƒ /[locale]/search
├ ƒ /[locale]/team
├ ƒ /api/[locale]/admin/logout
├ ƒ /api/admin/gallery
├ ƒ /api/admin/gallery/[id]
├ ƒ /api/admin/gallery/reorder
├ ƒ /api/admin/gallery/upload
├ ƒ /api/admin/login
├ ƒ /api/admin/messages/[id]
├ ƒ /api/admin/messages/[id]/reply
├ ƒ /api/admin/messages/stats
├ ƒ /api/auth/[...nextauth]
├ ƒ /api/contact
├ ƒ /api/messages
└ ƒ /api/upload


ƒ Proxy (Middleware)

○  (Static)   prerendered as static content
ƒ  (Dynamic)  server-rendered on demand

